Today 
i eat an apple
i eat an pear 
